// Jest Snapshot v1, https://goo.gl/fbAQLP

exports[`AppFooter should render footer correctly 1`] = `
<styled.footer>
  Â© 2020 Alexandre Rondon
</styled.footer>
`;
